SDDS1
&description text="ADT Snapshot from ./pv/par.bpm.pv" contents="BURT" &end
&parameter name=ADTFileType fixed_value="ADTSNAP" type=string &end
&parameter name=TimeStamp fixed_value="Tue Jun  6 16:37:33 1995" type=string &end
&parameter name=SnapType fixed_value="Absolute" type=string &end
&column name=ControlName type=string &end
&column name=ControlType type=string &end
&column name=Lineage type=string &end
&column name=Count type=long &end
&column name=ValueString type=string &end
&data mode=ascii no_row_counts=1 additional_header_lines=1 &end

P1P4:x pv - 1 -1.558694
P1P3:x pv - 1 -1.206436
P1P2:x pv - 1 -1.622458
P1P1:x pv - 1 -0.876748
P2P1:x pv - 1 1.269919
P2P2:x pv - 1 0.934000
P2P3:x pv - 1 -0.208592
P2P4:x pv - 1 -1.277100
P3P4:x pv - 1 -1.357158
P3P3:x pv - 1 -0.538829
P3P2:x pv - 1 0.323542
P3P1:x pv - 1 0.858369
P4P1:x pv - 1 0.949756
P4P2:x pv - 1 0.433086
P4P3:x pv - 1 -0.499744
P4P4:x pv - 1 -1.387374

P1P4:y pv - 1 1.051418
P1P3:y pv - 1 2.817794
P1P2:y pv - 1 3.044844
P1P1:y pv - 1 3.266214
P2P1:y pv - 1 3.337768
P2P2:y pv - 1 3.052715
P2P3:y pv - 1 2.702945
P2P4:y pv - 1 0.651784
P3P4:y pv - 1 -0.701039
P3P3:y pv - 1 -2.749803
P3P2:y pv - 1 -3.052897
P3P1:y pv - 1 -3.301174
P4P1:y pv - 1 -2.799399
P4P2:y pv - 1 -2.272319
P4P3:y pv - 1 -1.610091
P4P4:y pv - 1 -0.047137
